// Jest Snapshot v1, https://goo.gl/fbAQLP

exports[`GioAvatarComponent should complete avatar with jdenticon 1`] = `
GioAvatarComponent {
  "avatarContainerEleRef": ElementRef {
    "nativeElement": <div
      _ngcontent-a-c0=""
      class="gio-avatar"
    >
      <svg
        height="undefined"
        preserveAspectRatio="xMidYMid meet"
        viewBox="0 0 undefined undefined"
        width="undefined"
        xmlns="http://www.w3.org/2000/svg"
      >
        <rect
          fill="#FFFFFF"
          height="100%"
          opacity="1.00"
          width="100%"
        />
        <path
          d="M0 0a0,0 0 1,1 0,0a0,0 0 1,1 0,0M0 0a0,0 0 1,1 0,0a0,0 0 1,1 0,0M0 0a0,0 0 1,1 0,0a0,0 0 1,1 0,0M0 0a0,0 0 1,1 0,0a0,0 0 1,1 0,0M0 0a0,0 0 1,1 0,0a0,0 0 1,1 0,0M0 0a0,0 0 1,1 0,0a0,0 0 1,1 0,0M0 0a0,0 0 1,1 0,0a0,0 0 1,1 0,0M0 0a0,0 0 1,1 0,0a0,0 0 1,1 0,0"
          fill="#545454"
        />
        <path
          d="M0 0L0 0L0 0L0 0ZM0 0L0 0L0 0L0 0ZM0 0L0 0L0 0L0 0ZM0 0L0 0L0 0L0 0ZM0 0L0 0L0 0L0 0ZM0 0a0,0 0 1,0 0,0a0,0 0 1,0 0,0M0 0L0 0L0 0L0 0ZM0 0a0,0 0 1,0 0,0a0,0 0 1,0 0,0M0 0L0 0L0 0L0 0ZM0 0a0,0 0 1,0 0,0a0,0 0 1,0 0,0M0 0L0 0L0 0L0 0ZM0 0a0,0 0 1,0 0,0a0,0 0 1,0 0,0"
          fill="#d1757a"
        />
      </svg>
    </div>,
  },
  "defaultSize": 110,
  "hostEl": ElementRef {
    "nativeElement": <div
      _nghost-a-c0=""
      id="root0"
      ng-version="12.2.3"
    >
      <div
        _ngcontent-a-c0=""
        class="gio-avatar"
      >
        <svg
          height="undefined"
          preserveAspectRatio="xMidYMid meet"
          viewBox="0 0 undefined undefined"
          width="undefined"
          xmlns="http://www.w3.org/2000/svg"
        >
          <rect
            fill="#FFFFFF"
            height="100%"
            opacity="1.00"
            width="100%"
          />
          <path
            d="M0 0a0,0 0 1,1 0,0a0,0 0 1,1 0,0M0 0a0,0 0 1,1 0,0a0,0 0 1,1 0,0M0 0a0,0 0 1,1 0,0a0,0 0 1,1 0,0M0 0a0,0 0 1,1 0,0a0,0 0 1,1 0,0M0 0a0,0 0 1,1 0,0a0,0 0 1,1 0,0M0 0a0,0 0 1,1 0,0a0,0 0 1,1 0,0M0 0a0,0 0 1,1 0,0a0,0 0 1,1 0,0M0 0a0,0 0 1,1 0,0a0,0 0 1,1 0,0"
            fill="#545454"
          />
          <path
            d="M0 0L0 0L0 0L0 0ZM0 0L0 0L0 0L0 0ZM0 0L0 0L0 0L0 0ZM0 0L0 0L0 0L0 0ZM0 0L0 0L0 0L0 0ZM0 0a0,0 0 1,0 0,0a0,0 0 1,0 0,0M0 0L0 0L0 0L0 0ZM0 0a0,0 0 1,0 0,0a0,0 0 1,0 0,0M0 0L0 0L0 0L0 0ZM0 0a0,0 0 1,0 0,0a0,0 0 1,0 0,0M0 0L0 0L0 0L0 0ZM0 0a0,0 0 1,0 0,0a0,0 0 1,0 0,0"
            fill="#d1757a"
          />
        </svg>
      </div>
    </div>,
  },
  "imgSrc": "",
}
`;

exports[`GioAvatarComponent should display avatar image 1`] = `
GioAvatarComponent {
  "avatarContainerEleRef": ElementRef {
    "nativeElement": <div
      _ngcontent-a-c1=""
      class="gio-avatar"
    >
      <!--bindings={
  "ng-reflect-ng-if": "https://i.pravatar.cc/500"
}-->
      <img
        _ngcontent-a-c1=""
        alt="Avatar picture"
        class="gio-avatar__img"
        src="https://i.pravatar.cc/500"
        width="0"
      />
    </div>,
  },
  "defaultSize": 110,
  "hostEl": ElementRef {
    "nativeElement": <div
      _nghost-a-c1=""
      id="root1"
      ng-version="12.2.3"
    >
      <div
        _ngcontent-a-c1=""
        class="gio-avatar"
      >
        <!--bindings={
  "ng-reflect-ng-if": "https://i.pravatar.cc/500"
}-->
        <img
          _ngcontent-a-c1=""
          alt="Avatar picture"
          class="gio-avatar__img"
          src="https://i.pravatar.cc/500"
          width="0"
        />
      </div>
    </div>,
  },
  "imgSrc": "https://i.pravatar.cc/500",
  "src": "https://i.pravatar.cc/500",
}
`;
