// Jest Snapshot v1, https://goo.gl/fbAQLP

exports[`GioFormSlideToggleComponent should match snapshot 1`] = `
GioFormSlideToggleComponent {
  "disabled": false,
}
`;
